node.exe : FAIL src/lib/__tests__/query-builder-to-cql.test.ts
At line:1 char:1
+ & "C:\Program Files\nodejs/node.exe" "C:\Users\default.LAPTOP-BOBEDDV ...
+ ~~~~~~~~~~~~~~~~~~~~~~~~~~~~~~~~~~~~~~~~~~~~~~~~~~~~~~~~~~~~~~~~~~~~~
    + CategoryInfo          : NotSpecified: (FAIL src/lib/__...-to-cql.test.ts: 
   String) [], RemoteException
    + FullyQualifiedErrorId : NativeCommandError
 
  Query Builder to CQL
    ├ù should generate basic patient query (11 ms)
    ΓêÜ should handle nested groups (2 ms)
    ├ù should handle resource retrieves (2 ms)

  ΓùÅ Query Builder to CQL ΓÇ║ should generate basic patient query

    expect(received).toContain(expected) // indexOf

    Expected substring: "Patient.birthDate < @1980-01-01"
    Received string:    "/*
     * TestLib
     * Generated by CQL Visual Builder
     * Generated on: 2025-11-30T17:06:54.898Z
     */┬╖
    library TestLib version '1.0.0'┬╖
    using FHIR version '4.0.1'┬╖
    include FHIRHelpers version '4.0.1' called FHIRHelpers┬╖
    parameter \"Measurement Period\" Interval<DateTime>
      default Interval[@2025-01-01T00:00:00.0, @2026-01-01T00:00:00.0)┬╖
    context Patient┬╖
    /*
     * Initial Population
     * Generated from visual query builder
     */
    define \"Initial Population\":
      Patient.gender = 'male'
        and Patient.birthDate < @1979-12-31"

    [0m [90m 17 |[39m         
expect(result[33m.[39mcql)[33m.[39mtoContain([32m'define "Initial 
Population":'[39m)[33m;[39m
     [90m 18 |[39m         
expect(result[33m.[39mcql)[33m.[39mtoContain([32m'Patient.gender = 
\'male\''[39m)[33m;[39m
    [31m[1m>[22m[39m[90m 19 |[39m         
expect(result[33m.[39mcql)[33m.[39mtoContain([32m'Patient.birthDate < 
@1980-01-01'[39m)[33m;[39m
     [90m    |[39m                            [31m[1m^[22m[39m
     [90m 20 |[39m     })[33m;[39m
     [90m 21 |[39m
     [90m 22 |[39m     it([32m'should handle nested groups'[39m[33m,[39m 
() [33m=>[39m {[0m

      at Object.toContain (src/lib/__tests__/query-builder-to-cql.test.ts:19:28)

  ΓùÅ Query Builder to CQL ΓÇ║ should handle resource retrieves

    expect(received).toContain(expected) // indexOf

    Expected substring: "Conditions.code in \"Diabetes\""
    Received string:    "/*
     * GeneratedMeasure
     * Generated by CQL Visual Builder
     * Generated on: 2025-11-30T17:06:54.921Z
     */┬╖
    library GeneratedMeasure version '1.0.0'┬╖
    using FHIR version '4.0.1'┬╖
    include FHIRHelpers version '4.0.1' called FHIRHelpers┬╖
    // Value Sets
    valueset \"Diabetes\": '1.2.3'┬╖
    parameter \"Measurement Period\" Interval<DateTime>
      default Interval[@2025-01-01T00:00:00.0, @2026-01-01T00:00:00.0)┬╖
    context Patient┬╖
    // FHIR Resource Retrieves
    define \"Conditions\":
      [Condition]┬╖
    /*
     * Initial Population
     * Generated from visual query builder
     */
    define \"Initial Population\":
      C.code in \"Diabetes\""

    [0m [90m 57 |[39m         
expect(result[33m.[39mcql)[33m.[39mtoContain([32m'valueset "Diabetes": 
\'1.2.3\''[39m)[33m;[39m
     [90m 58 |[39m         
expect(result[33m.[39mcql)[33m.[39mtoContain([32m'define "Conditions":\n  
[Condition]'[39m)[33m;[39m
    [31m[1m>[22m[39m[90m 59 |[39m         
expect(result[33m.[39mcql)[33m.[39mtoContain([32m'Conditions.code in 
"Diabetes"'[39m)[33m;[39m
     [90m    |[39m                            [31m[1m^[22m[39m
     [90m 60 |[39m     })[33m;[39m
     [90m 61 |[39m })[33m;[39m
     [90m 62 |[39m[0m

      at Object.toContain (src/lib/__tests__/query-builder-to-cql.test.ts:59:28)

Test Suites: 1 failed, 1 total
Tests:       2 failed, 1 passed, 3 total
Snapshots:   0 total
Time:        6.644 s
Ran all test suites matching src/lib/__tests__/query-builder-to-cql.test.ts.
